{
  "@cnpj": "12345678",
  "@codigoDocumento": "9011",
  "@tipoRemessa": "I",
  "@unidadeMedida": 1000,
  "@dataBase": "012020",
  "datasBaseReferencia": [
    {
      "@id": "dt1",
      "@data": "012020"
    }
  ],
  "BalancoPatrimonial": {
    "contas": [
      {
        "@id": "conta1",
        "@descricao": "Value1",
        "@nivel": "1",
        "@contaPai": "",
        "valoresIndividualizados": [
          {
            "@dtBase": "dt1",
            "@valor": 200
          }
        ]
      }
    ]
  },
  "DemonstracaoDoResultado": {
    "contas": null
  },
  "DemonstracaoDosFluxosDeCaixa": {
    "contas": null
  },
  "DemonstracaoDasMutacoesDoPatrimonioLiquido": {
    "contas": null
  },
  "DemonstracaoDoResultadoAbrangente": {
    "contas": null
  }
}
